Startpoint: _42565_ (rising edge-triggered flip-flop clocked by clk)
Endpoint: _42565_ (rising edge-triggered flip-flop clocked by clk)
Path Group: clk
Path Type: min

Fanout     Cap    Slew   Delay    Time   Description
-----------------------------------------------------------------------------
                  0.00    0.00    0.00   clock clk (rise edge)
                          0.00    0.00   clock network delay (ideal)
                  0.00    0.00    0.00 ^ _42565_/CLK (sky130_fd_sc_hd__dfxtp_1)
                  0.04    0.18    0.18 ^ _42565_/Q (sky130_fd_sc_hd__dfxtp_1)
     2    0.00                           cpuregs[0][0] (net)
                  0.04    0.00    0.18 ^ _23999_/A (sky130_fd_sc_hd__clkbuf_1)
                  0.02    0.05    0.23 ^ _23999_/X (sky130_fd_sc_hd__clkbuf_1)
     1    0.00                           _02835_ (net)
                  0.02    0.00    0.23 ^ _42565_/D (sky130_fd_sc_hd__dfxtp_1)
                                  0.23   data arrival time

                  0.00    0.00    0.00   clock clk (rise edge)
                          0.00    0.00   clock network delay (ideal)
                          0.00    0.00   clock reconvergence pessimism
                                  0.00 ^ _42565_/CLK (sky130_fd_sc_hd__dfxtp_1)
                         -0.02   -0.02   library hold time
                                 -0.02   data required time
-----------------------------------------------------------------------------
                                 -0.02   data required time
                                 -0.23   data arrival time
-----------------------------------------------------------------------------
                                  0.25   slack (MET)


Startpoint: _43792_ (rising edge-triggered flip-flop clocked by clk)
Endpoint: _43720_ (rising edge-triggered flip-flop clocked by clk)
Path Group: clk
Path Type: max

Fanout     Cap    Slew   Delay    Time   Description
-----------------------------------------------------------------------------
                  0.00    0.00    0.00   clock clk (rise edge)
                          0.00    0.00   clock network delay (ideal)
                  0.00    0.00    0.00 ^ _43792_/CLK (sky130_fd_sc_hd__dfxtp_4)
                  0.50    0.99    0.99 ^ _43792_/Q (sky130_fd_sc_hd__dfxtp_4)
    33    0.11                           latched_stalu (net)
                  0.50    0.00    0.99 ^ _41693_/S (sky130_fd_sc_hd__mux2_1)
                  0.13    0.85    1.84 v _41693_/X (sky130_fd_sc_hd__mux2_1)
     2    0.00                           _00293_ (net)
                  0.13    0.00    1.84 v _41692_/A1 (sky130_fd_sc_hd__mux2_1)
                  0.10    0.65    2.49 v _41692_/X (sky130_fd_sc_hd__mux2_1)
     1    0.00                           _00294_ (net)
                  0.10    0.00    2.49 v _25165_/B (sky130_fd_sc_hd__and2_1)
                  0.06    0.31    2.80 v _25165_/X (sky130_fd_sc_hd__and2_1)
     1    0.00                           _00295_ (net)
                  0.06    0.00    2.80 v _40983_/A0 (sky130_fd_sc_hd__mux2_2)
                  0.15    0.62    3.42 v _40983_/X (sky130_fd_sc_hd__mux2_2)
     7    0.01                           _02560_ (net)
                  0.15    0.00    3.42 v _25704_/A (sky130_fd_sc_hd__and2_1)
                  0.10    0.35    3.77 v _25704_/X (sky130_fd_sc_hd__and2_1)
     2    0.01                           _20700_ (net)
                  0.10    0.00    3.77 v _25705_/B (sky130_fd_sc_hd__nor2_2)
                  0.17    0.18    3.95 ^ _25705_/Y (sky130_fd_sc_hd__nor2_2)
     2    0.01                           _20701_ (net)
                  0.17    0.00    3.95 ^ _25712_/A1 (sky130_fd_sc_hd__a31o_1)
                  0.14    0.35    4.30 ^ _25712_/X (sky130_fd_sc_hd__a31o_1)
     2    0.01                           _20705_ (net)
                  0.14    0.00    4.30 ^ _25721_/B1 (sky130_fd_sc_hd__o21ai_1)
                  0.09    0.14    4.44 v _25721_/Y (sky130_fd_sc_hd__o21ai_1)
     1    0.00                           _20712_ (net)
                  0.09    0.00    4.44 v _25722_/B1 (sky130_fd_sc_hd__o21a_1)
                  0.10    0.23    4.67 v _25722_/X (sky130_fd_sc_hd__o21a_1)
     2    0.01                           _20713_ (net)
                  0.10    0.00    4.67 v _25727_/B (sky130_fd_sc_hd__nor2_1)
                  0.23    0.23    4.90 ^ _25727_/Y (sky130_fd_sc_hd__nor2_1)
     3    0.01                           _20716_ (net)
                  0.23    0.00    4.90 ^ _25740_/A2 (sky130_fd_sc_hd__o21bai_1)
                  0.16    0.23    5.12 v _25740_/Y (sky130_fd_sc_hd__o21bai_1)
     2    0.01                           _20727_ (net)
                  0.16    0.00    5.12 v _25749_/A1 (sky130_fd_sc_hd__a21oi_2)
                  0.21    0.28    5.40 ^ _25749_/Y (sky130_fd_sc_hd__a21oi_2)
     2    0.01                           _20734_ (net)
                  0.21    0.00    5.40 ^ _25758_/A2 (sky130_fd_sc_hd__o21ai_2)
                  0.09    0.16    5.57 v _25758_/Y (sky130_fd_sc_hd__o21ai_2)
     2    0.01                           _20741_ (net)
                  0.09    0.00    5.57 v _25768_/A1 (sky130_fd_sc_hd__a21oi_2)
                  0.21    0.25    5.82 ^ _25768_/Y (sky130_fd_sc_hd__a21oi_2)
     2    0.01                           _20749_ (net)
                  0.21    0.00    5.82 ^ _25777_/A2 (sky130_fd_sc_hd__o21ai_2)
                  0.12    0.19    6.00 v _25777_/Y (sky130_fd_sc_hd__o21ai_2)
     2    0.01                           _20756_ (net)
                  0.12    0.00    6.00 v _25786_/A1 (sky130_fd_sc_hd__a21oi_4)
                  0.20    0.25    6.25 ^ _25786_/Y (sky130_fd_sc_hd__a21oi_4)
     2    0.01                           _20763_ (net)
                  0.20    0.00    6.25 ^ _25788_/B2 (sky130_fd_sc_hd__o22ai_4)
                  0.11    0.18    6.43 v _25788_/Y (sky130_fd_sc_hd__o22ai_4)
     3    0.01                           _20765_ (net)
                  0.11    0.00    6.43 v _25798_/A1 (sky130_fd_sc_hd__a21oi_4)
                  0.22    0.27    6.70 ^ _25798_/Y (sky130_fd_sc_hd__a21oi_4)
     3    0.01                           _20773_ (net)
                  0.22    0.00    6.70 ^ _25809_/B2 (sky130_fd_sc_hd__o22ai_4)
                  0.11    0.19    6.88 v _25809_/Y (sky130_fd_sc_hd__o22ai_4)
     3    0.01                           _20782_ (net)
                  0.11    0.00    6.88 v _25819_/A1 (sky130_fd_sc_hd__a21oi_4)
                  0.23    0.28    7.16 ^ _25819_/Y (sky130_fd_sc_hd__a21oi_4)
     3    0.01                           _20790_ (net)
                  0.23    0.00    7.16 ^ _25828_/B2 (sky130_fd_sc_hd__o22ai_4)
                  0.12    0.19    7.35 v _25828_/Y (sky130_fd_sc_hd__o22ai_4)
     3    0.01                           _20797_ (net)
                  0.12    0.00    7.35 v _25838_/A1 (sky130_fd_sc_hd__a21boi_4)
                  0.23    0.28    7.63 ^ _25838_/Y (sky130_fd_sc_hd__a21boi_4)
     3    0.01                           _20805_ (net)
                  0.23    0.00    7.63 ^ _25848_/B2 (sky130_fd_sc_hd__o22ai_4)
                  0.12    0.19    7.82 v _25848_/Y (sky130_fd_sc_hd__o22ai_4)
     3    0.01                           _20813_ (net)
                  0.12    0.00    7.82 v _25866_/B1 (sky130_fd_sc_hd__a22oi_4)
                  0.25    0.25    8.07 ^ _25866_/Y (sky130_fd_sc_hd__a22oi_4)
     2    0.01                           _20827_ (net)
                  0.25    0.00    8.07 ^ _25868_/B2 (sky130_fd_sc_hd__o22ai_4)
                  0.12    0.20    8.27 v _25868_/Y (sky130_fd_sc_hd__o22ai_4)
     4    0.01                           _20829_ (net)
                  0.12    0.00    8.27 v _25889_/B1 (sky130_fd_sc_hd__a22oi_4)
                  0.25    0.26    8.53 ^ _25889_/Y (sky130_fd_sc_hd__a22oi_4)
     2    0.01                           _20846_ (net)
                  0.25    0.00    8.53 ^ _25929_/A2 (sky130_fd_sc_hd__o2111ai_4)
                  0.17    0.27    8.80 v _25929_/Y (sky130_fd_sc_hd__o2111ai_4)
     1    0.00                           _20878_ (net)
                  0.17    0.00    8.80 v _25931_/A (sky130_fd_sc_hd__nand2_2)
                  0.17    0.21    9.00 ^ _25931_/Y (sky130_fd_sc_hd__nand2_2)
     4    0.02                           _20880_ (net)
                  0.17    0.00    9.00 ^ _25967_/D1 (sky130_fd_sc_hd__o2111ai_4)
                  0.18    0.21    9.22 v _25967_/Y (sky130_fd_sc_hd__o2111ai_4)
     1    0.00                           _04091_ (net)
                  0.18    0.00    9.22 v _25969_/A (sky130_fd_sc_hd__nand2_2)
                  0.15    0.20    9.42 ^ _25969_/Y (sky130_fd_sc_hd__nand2_2)
     4    0.01                           _04093_ (net)
                  0.15    0.00    9.42 ^ _25986_/A (sky130_fd_sc_hd__nand3_1)
                  0.12    0.16    9.58 v _25986_/Y (sky130_fd_sc_hd__nand3_1)
     1    0.00                           _04106_ (net)
                  0.12    0.00    9.58 v _25989_/B1 (sky130_fd_sc_hd__a22oi_1)
                  0.23    0.23    9.81 ^ _25989_/Y (sky130_fd_sc_hd__a22oi_1)
     1    0.00                           _04109_ (net)
                  0.23    0.00    9.81 ^ _25992_/A (sky130_fd_sc_hd__nor2_1)
                  0.07    0.13    9.94 v _25992_/Y (sky130_fd_sc_hd__nor2_1)
     1    0.00                           _01680_ (net)
                  0.07    0.00    9.94 v _41706_/A1 (sky130_fd_sc_hd__mux2_1)
                  0.10    0.62   10.56 v _41706_/X (sky130_fd_sc_hd__mux2_1)
     1    0.00                           _01681_ (net)
                  0.10    0.00   10.56 v _42161_/A1 (sky130_fd_sc_hd__mux4_1)
                  0.14    1.10   11.66 v _42161_/X (sky130_fd_sc_hd__mux4_1)
     1    0.00                           _01682_ (net)
                  0.14    0.00   11.66 v _41707_/A0 (sky130_fd_sc_hd__mux2_1)
                  0.11    0.64   12.31 v _41707_/X (sky130_fd_sc_hd__mux2_1)
     1    0.00                           _02530_ (net)
                  0.11    0.00   12.31 v _21551_/A1 (sky130_fd_sc_hd__o211a_1)
                  0.06    0.40   12.71 v _21551_/X (sky130_fd_sc_hd__o211a_1)
     1    0.00                           _03990_ (net)
                  0.06    0.00   12.71 v _43720_/D (sky130_fd_sc_hd__dfxtp_1)
                                 12.71   data arrival time

                  0.00   24.73   24.73   clock clk (rise edge)
                          0.00   24.73   clock network delay (ideal)
                          0.00   24.73   clock reconvergence pessimism
                                 24.73 ^ _43720_/CLK (sky130_fd_sc_hd__dfxtp_1)
                         -0.28   24.45   library setup time
                                 24.45   data required time
-----------------------------------------------------------------------------
                                 24.45   data required time
                                -12.71   data arrival time
-----------------------------------------------------------------------------
                                 11.74   slack (MET)


