max slew

Pin                                    Limit    Slew   Slack
------------------------------------------------------------
_21265_/B                               1.50    8.52   -7.02 (VIOLATED)
_41969_/S0                              1.50    8.52   -7.02 (VIOLATED)
_41970_/S0                              1.50    8.52   -7.02 (VIOLATED)
_41971_/S0                              1.50    8.52   -7.02 (VIOLATED)
_41972_/S0                              1.50    8.52   -7.02 (VIOLATED)
_41973_/S0                              1.50    8.52   -7.02 (VIOLATED)
_41975_/S0                              1.50    8.52   -7.02 (VIOLATED)
_41976_/S0                              1.50    8.52   -7.02 (VIOLATED)
_41977_/S0                              1.50    8.52   -7.02 (VIOLATED)
_41978_/S0                              1.50    8.52   -7.02 (VIOLATED)
_41979_/S0                              1.50    8.52   -7.02 (VIOLATED)
_41981_/S0                              1.50    8.52   -7.02 (VIOLATED)
_41982_/S0                              1.50    8.52   -7.02 (VIOLATED)
_41983_/S0                              1.50    8.52   -7.02 (VIOLATED)
_41984_/S0                              1.50    8.52   -7.02 (VIOLATED)
_41985_/S0                              1.50    8.52   -7.02 (VIOLATED)
_41987_/S0                              1.50    8.52   -7.02 (VIOLATED)
_41988_/S0                              1.50    8.52   -7.02 (VIOLATED)
_41989_/S0                              1.50    8.52   -7.02 (VIOLATED)
_41990_/S0                              1.50    8.52   -7.02 (VIOLATED)
_41991_/S0                              1.50    8.52   -7.02 (VIOLATED)
_41993_/S0                              1.50    8.52   -7.02 (VIOLATED)
_41994_/S0                              1.50    8.52   -7.02 (VIOLATED)
_41995_/S0                              1.50    8.52   -7.02 (VIOLATED)
_41996_/S0                              1.50    8.52   -7.02 (VIOLATED)
_41997_/S0                              1.50    8.52   -7.02 (VIOLATED)
_41999_/S0                              1.50    8.52   -7.02 (VIOLATED)
_42000_/S0                              1.50    8.52   -7.02 (VIOLATED)
_42001_/S0                              1.50    8.52   -7.02 (VIOLATED)
_42002_/S0                              1.50    8.52   -7.02 (VIOLATED)
_42003_/S0                              1.50    8.52   -7.02 (VIOLATED)
_42005_/S0                              1.50    8.52   -7.02 (VIOLATED)
_42006_/S0                              1.50    8.52   -7.02 (VIOLATED)
_42007_/S0                              1.50    8.52   -7.02 (VIOLATED)
_42008_/S0                              1.50    8.52   -7.02 (VIOLATED)
_42009_/S0                              1.50    8.52   -7.02 (VIOLATED)
_42011_/S0                              1.50    8.52   -7.02 (VIOLATED)
_42012_/S0                              1.50    8.52   -7.02 (VIOLATED)
_42013_/S0                              1.50    8.52   -7.02 (VIOLATED)
_42014_/S0                              1.50    8.52   -7.02 (VIOLATED)
_42015_/S0                              1.50    8.52   -7.02 (VIOLATED)
_42017_/S0                              1.50    8.52   -7.02 (VIOLATED)
_42018_/S0                              1.50    8.52   -7.02 (VIOLATED)
_42019_/S0                              1.50    8.52   -7.02 (VIOLATED)
_42020_/S0                              1.50    8.52   -7.02 (VIOLATED)
_42021_/S0                              1.50    8.52   -7.02 (VIOLATED)
_42023_/S0                              1.50    8.52   -7.02 (VIOLATED)
_42024_/S0                              1.50    8.52   -7.02 (VIOLATED)
_42025_/S0                              1.50    8.52   -7.02 (VIOLATED)
_42026_/S0                              1.50    8.52   -7.02 (VIOLATED)
_42027_/S0                              1.50    8.52   -7.02 (VIOLATED)
_42029_/S0                              1.50    8.52   -7.02 (VIOLATED)
_42030_/S0                              1.50    8.52   -7.02 (VIOLATED)
_42031_/S0                              1.50    8.52   -7.02 (VIOLATED)
_42032_/S0                              1.50    8.52   -7.02 (VIOLATED)
_42033_/S0                              1.50    8.52   -7.02 (VIOLATED)
_42035_/S0                              1.50    8.52   -7.02 (VIOLATED)
_42036_/S0                              1.50    8.52   -7.02 (VIOLATED)
_42037_/S0                              1.50    8.52   -7.02 (VIOLATED)
_42038_/S0                              1.50    8.52   -7.02 (VIOLATED)
_42039_/S0                              1.50    8.52   -7.02 (VIOLATED)
_42041_/S0                              1.50    8.52   -7.02 (VIOLATED)
_42042_/S0                              1.50    8.52   -7.02 (VIOLATED)
_42043_/S0                              1.50    8.52   -7.02 (VIOLATED)
_42044_/S0                              1.50    8.52   -7.02 (VIOLATED)
_42045_/S0                              1.50    8.52   -7.02 (VIOLATED)
_42047_/S0                              1.50    8.52   -7.02 (VIOLATED)
_42048_/S0                              1.50    8.52   -7.02 (VIOLATED)
_42049_/S0                              1.50    8.52   -7.02 (VIOLATED)
_42050_/S0                              1.50    8.52   -7.02 (VIOLATED)
_42051_/S0                              1.50    8.52   -7.02 (VIOLATED)
_42053_/S0                              1.50    8.52   -7.02 (VIOLATED)
_42054_/S0                              1.50    8.52   -7.02 (VIOLATED)
_42055_/S0                              1.50    8.52   -7.02 (VIOLATED)
_42056_/S0                              1.50    8.52   -7.02 (VIOLATED)
_42057_/S0                              1.50    8.52   -7.02 (VIOLATED)
_42059_/S0                              1.50    8.52   -7.02 (VIOLATED)
_42060_/S0                              1.50    8.52   -7.02 (VIOLATED)
_42061_/S0                              1.50    8.52   -7.02 (VIOLATED)
_42062_/S0                              1.50    8.52   -7.02 (VIOLATED)
_42063_/S0                              1.50    8.52   -7.02 (VIOLATED)
_42065_/S0                              1.50    8.52   -7.02 (VIOLATED)
_42066_/S0                              1.50    8.52   -7.02 (VIOLATED)
_42067_/S0                              1.50    8.52   -7.02 (VIOLATED)
_42068_/S0                              1.50    8.52   -7.02 (VIOLATED)
_42069_/S0                              1.50    8.52   -7.02 (VIOLATED)
_42071_/S0                              1.50    8.52   -7.02 (VIOLATED)
_42072_/S0                              1.50    8.52   -7.02 (VIOLATED)
_42073_/S0                              1.50    8.52   -7.02 (VIOLATED)
_42074_/S0                              1.50    8.52   -7.02 (VIOLATED)
_42075_/S0                              1.50    8.52   -7.02 (VIOLATED)
_42077_/S0                              1.50    8.52   -7.02 (VIOLATED)
_42078_/S0                              1.50    8.52   -7.02 (VIOLATED)
_42079_/S0                              1.50    8.52   -7.02 (VIOLATED)
_42080_/S0                              1.50    8.52   -7.02 (VIOLATED)
_42081_/S0                              1.50    8.52   -7.02 (VIOLATED)
_42083_/S0                              1.50    8.52   -7.02 (VIOLATED)
_42084_/S0                              1.50    8.52   -7.02 (VIOLATED)
_42085_/S0                              1.50    8.52   -7.02 (VIOLATED)
_42086_/S0                              1.50    8.52   -7.02 (VIOLATED)
_42087_/S0                              1.50    8.52   -7.02 (VIOLATED)
_42089_/S0                              1.50    8.52   -7.02 (VIOLATED)
_42090_/S0                              1.50    8.52   -7.02 (VIOLATED)
_42091_/S0                              1.50    8.52   -7.02 (VIOLATED)
_42092_/S0                              1.50    8.52   -7.02 (VIOLATED)
_42093_/S0                              1.50    8.52   -7.02 (VIOLATED)
_42095_/S0                              1.50    8.52   -7.02 (VIOLATED)
_42096_/S0                              1.50    8.52   -7.02 (VIOLATED)
_42097_/S0                              1.50    8.52   -7.02 (VIOLATED)
_42098_/S0                              1.50    8.52   -7.02 (VIOLATED)
_42099_/S0                              1.50    8.52   -7.02 (VIOLATED)
_42101_/S0                              1.50    8.52   -7.02 (VIOLATED)
_42102_/S0                              1.50    8.52   -7.02 (VIOLATED)
_42103_/S0                              1.50    8.52   -7.02 (VIOLATED)
_42104_/S0                              1.50    8.52   -7.02 (VIOLATED)
_42105_/S0                              1.50    8.52   -7.02 (VIOLATED)
_42107_/S0                              1.50    8.52   -7.02 (VIOLATED)
_42108_/S0                              1.50    8.52   -7.02 (VIOLATED)
_42109_/S0                              1.50    8.52   -7.02 (VIOLATED)
_42110_/S0                              1.50    8.52   -7.02 (VIOLATED)
_42111_/S0                              1.50    8.52   -7.02 (VIOLATED)
_42113_/S0                              1.50    8.52   -7.02 (VIOLATED)
_42114_/S0                              1.50    8.52   -7.02 (VIOLATED)
_42115_/S0                              1.50    8.52   -7.02 (VIOLATED)
_42116_/S0                              1.50    8.52   -7.02 (VIOLATED)
_42117_/S0                              1.50    8.52   -7.02 (VIOLATED)
_42119_/S0                              1.50    8.52   -7.02 (VIOLATED)
_42120_/S0                              1.50    8.52   -7.02 (VIOLATED)
_42121_/S0                              1.50    8.52   -7.02 (VIOLATED)
_42122_/S0                              1.50    8.52   -7.02 (VIOLATED)
_42123_/S0                              1.50    8.52   -7.02 (VIOLATED)
_42125_/S0                              1.50    8.52   -7.02 (VIOLATED)
_42126_/S0                              1.50    8.52   -7.02 (VIOLATED)
_42127_/S0                              1.50    8.52   -7.02 (VIOLATED)
_42128_/S0                              1.50    8.52   -7.02 (VIOLATED)
_42129_/S0                              1.50    8.52   -7.02 (VIOLATED)
_42131_/S0                              1.50    8.52   -7.02 (VIOLATED)
_42132_/S0                              1.50    8.52   -7.02 (VIOLATED)
_42133_/S0                              1.50    8.52   -7.02 (VIOLATED)
_42134_/S0                              1.50    8.52   -7.02 (VIOLATED)
_42135_/S0                              1.50    8.52   -7.02 (VIOLATED)
_42137_/S0                              1.50    8.52   -7.02 (VIOLATED)
_42138_/S0                              1.50    8.52   -7.02 (VIOLATED)
_42139_/S0                              1.50    8.52   -7.02 (VIOLATED)
_42140_/S0                              1.50    8.52   -7.02 (VIOLATED)
_42141_/S0                              1.50    8.52   -7.02 (VIOLATED)
_42143_/S0                              1.50    8.52   -7.02 (VIOLATED)
_42144_/S0                              1.50    8.52   -7.02 (VIOLATED)
_42145_/S0                              1.50    8.52   -7.02 (VIOLATED)
_42146_/S0                              1.50    8.52   -7.02 (VIOLATED)
_42147_/S0                              1.50    8.52   -7.02 (VIOLATED)
_42149_/S0                              1.50    8.52   -7.02 (VIOLATED)
_42150_/S0                              1.50    8.52   -7.02 (VIOLATED)
_42151_/S0                              1.50    8.52   -7.02 (VIOLATED)
_42152_/S0                              1.50    8.52   -7.02 (VIOLATED)
_42153_/S0                              1.50    8.52   -7.02 (VIOLATED)
_42155_/S0                              1.50    8.52   -7.02 (VIOLATED)
_42156_/S0                              1.50    8.52   -7.02 (VIOLATED)
_42157_/S0                              1.50    8.52   -7.02 (VIOLATED)
_42158_/S0                              1.50    8.52   -7.02 (VIOLATED)
_42159_/S0                              1.50    8.52   -7.02 (VIOLATED)
_41667_/X                               1.51    8.52   -7.02 (VIOLATED)
_21265_/A                               1.50    5.75   -4.25 (VIOLATED)
_41969_/S1                              1.50    5.75   -4.25 (VIOLATED)
_41970_/S1                              1.50    5.75   -4.25 (VIOLATED)
_41971_/S1                              1.50    5.75   -4.25 (VIOLATED)
_41972_/S1                              1.50    5.75   -4.25 (VIOLATED)
_41973_/S1                              1.50    5.75   -4.25 (VIOLATED)
_41975_/S1                              1.50    5.75   -4.25 (VIOLATED)
_41976_/S1                              1.50    5.75   -4.25 (VIOLATED)
_41977_/S1                              1.50    5.75   -4.25 (VIOLATED)
_41978_/S1                              1.50    5.75   -4.25 (VIOLATED)
_41979_/S1                              1.50    5.75   -4.25 (VIOLATED)
_41981_/S1                              1.50    5.75   -4.25 (VIOLATED)
_41982_/S1                              1.50    5.75   -4.25 (VIOLATED)
_41983_/S1                              1.50    5.75   -4.25 (VIOLATED)
_41984_/S1                              1.50    5.75   -4.25 (VIOLATED)
_41985_/S1                              1.50    5.75   -4.25 (VIOLATED)
_41987_/S1                              1.50    5.75   -4.25 (VIOLATED)
_41988_/S1                              1.50    5.75   -4.25 (VIOLATED)
_41989_/S1                              1.50    5.75   -4.25 (VIOLATED)
_41990_/S1                              1.50    5.75   -4.25 (VIOLATED)
_41991_/S1                              1.50    5.75   -4.25 (VIOLATED)
_41993_/S1                              1.50    5.75   -4.25 (VIOLATED)
_41994_/S1                              1.50    5.75   -4.25 (VIOLATED)
_41995_/S1                              1.50    5.75   -4.25 (VIOLATED)
_41996_/S1                              1.50    5.75   -4.25 (VIOLATED)
_41997_/S1                              1.50    5.75   -4.25 (VIOLATED)
_41999_/S1                              1.50    5.75   -4.25 (VIOLATED)
_42000_/S1                              1.50    5.75   -4.25 (VIOLATED)
_42001_/S1                              1.50    5.75   -4.25 (VIOLATED)
_42002_/S1                              1.50    5.75   -4.25 (VIOLATED)
_42003_/S1                              1.50    5.75   -4.25 (VIOLATED)
_42005_/S1                              1.50    5.75   -4.25 (VIOLATED)
_42006_/S1                              1.50    5.75   -4.25 (VIOLATED)
_42007_/S1                              1.50    5.75   -4.25 (VIOLATED)
_42008_/S1                              1.50    5.75   -4.25 (VIOLATED)
_42009_/S1                              1.50    5.75   -4.25 (VIOLATED)
_42011_/S1                              1.50    5.75   -4.25 (VIOLATED)
_42012_/S1                              1.50    5.75   -4.25 (VIOLATED)
_42013_/S1                              1.50    5.75   -4.25 (VIOLATED)
_42014_/S1                              1.50    5.75   -4.25 (VIOLATED)
_42015_/S1                              1.50    5.75   -4.25 (VIOLATED)
_42017_/S1                              1.50    5.75   -4.25 (VIOLATED)
_42018_/S1                              1.50    5.75   -4.25 (VIOLATED)
_42019_/S1                              1.50    5.75   -4.25 (VIOLATED)
_42020_/S1                              1.50    5.75   -4.25 (VIOLATED)
_42021_/S1                              1.50    5.75   -4.25 (VIOLATED)
_42023_/S1                              1.50    5.75   -4.25 (VIOLATED)
_42024_/S1                              1.50    5.75   -4.25 (VIOLATED)
_42025_/S1                              1.50    5.75   -4.25 (VIOLATED)
_42026_/S1                              1.50    5.75   -4.25 (VIOLATED)
_42027_/S1                              1.50    5.75   -4.25 (VIOLATED)
_42029_/S1                              1.50    5.75   -4.25 (VIOLATED)
_42030_/S1                              1.50    5.75   -4.25 (VIOLATED)
_42031_/S1                              1.50    5.75   -4.25 (VIOLATED)
_42032_/S1                              1.50    5.75   -4.25 (VIOLATED)
_42033_/S1                              1.50    5.75   -4.25 (VIOLATED)
_42035_/S1                              1.50    5.75   -4.25 (VIOLATED)
_42036_/S1                              1.50    5.75   -4.25 (VIOLATED)
_42037_/S1                              1.50    5.75   -4.25 (VIOLATED)
_42038_/S1                              1.50    5.75   -4.25 (VIOLATED)
_42039_/S1                              1.50    5.75   -4.25 (VIOLATED)
_42041_/S1                              1.50    5.75   -4.25 (VIOLATED)
_42042_/S1                              1.50    5.75   -4.25 (VIOLATED)
_42043_/S1                              1.50    5.75   -4.25 (VIOLATED)
_42044_/S1                              1.50    5.75   -4.25 (VIOLATED)
_42045_/S1                              1.50    5.75   -4.25 (VIOLATED)
_42047_/S1                              1.50    5.75   -4.25 (VIOLATED)
_42048_/S1                              1.50    5.75   -4.25 (VIOLATED)
_42049_/S1                              1.50    5.75   -4.25 (VIOLATED)
_42050_/S1                              1.50    5.75   -4.25 (VIOLATED)
_42051_/S1                              1.50    5.75   -4.25 (VIOLATED)
_42053_/S1                              1.50    5.75   -4.25 (VIOLATED)
_42054_/S1                              1.50    5.75   -4.25 (VIOLATED)
_42055_/S1                              1.50    5.75   -4.25 (VIOLATED)
_42056_/S1                              1.50    5.75   -4.25 (VIOLATED)
_42057_/S1                              1.50    5.75   -4.25 (VIOLATED)
_42059_/S1                              1.50    5.75   -4.25 (VIOLATED)
_42060_/S1                              1.50    5.75   -4.25 (VIOLATED)
_42061_/S1                              1.50    5.75   -4.25 (VIOLATED)
_42062_/S1                              1.50    5.75   -4.25 (VIOLATED)
_42063_/S1                              1.50    5.75   -4.25 (VIOLATED)
_42065_/S1                              1.50    5.75   -4.25 (VIOLATED)
_42066_/S1                              1.50    5.75   -4.25 (VIOLATED)
_42067_/S1                              1.50    5.75   -4.25 (VIOLATED)
_42068_/S1                              1.50    5.75   -4.25 (VIOLATED)
_42069_/S1                              1.50    5.75   -4.25 (VIOLATED)
_42071_/S1                              1.50    5.75   -4.25 (VIOLATED)
_42072_/S1                              1.50    5.75   -4.25 (VIOLATED)
_42073_/S1                              1.50    5.75   -4.25 (VIOLATED)
_42074_/S1                              1.50    5.75   -4.25 (VIOLATED)
_42075_/S1                              1.50    5.75   -4.25 (VIOLATED)
_42077_/S1                              1.50    5.75   -4.25 (VIOLATED)
_42078_/S1                              1.50    5.75   -4.25 (VIOLATED)
_42079_/S1                              1.50    5.75   -4.25 (VIOLATED)
_42080_/S1                              1.50    5.75   -4.25 (VIOLATED)
_42081_/S1                              1.50    5.75   -4.25 (VIOLATED)
_42083_/S1                              1.50    5.75   -4.25 (VIOLATED)
_42084_/S1                              1.50    5.75   -4.25 (VIOLATED)
_42085_/S1                              1.50    5.75   -4.25 (VIOLATED)
_42086_/S1                              1.50    5.75   -4.25 (VIOLATED)
_42087_/S1                              1.50    5.75   -4.25 (VIOLATED)
_42089_/S1                              1.50    5.75   -4.25 (VIOLATED)
_42090_/S1                              1.50    5.75   -4.25 (VIOLATED)
_42091_/S1                              1.50    5.75   -4.25 (VIOLATED)
_42092_/S1                              1.50    5.75   -4.25 (VIOLATED)
_42093_/S1                              1.50    5.75   -4.25 (VIOLATED)
_42095_/S1                              1.50    5.75   -4.25 (VIOLATED)
_42096_/S1                              1.50    5.75   -4.25 (VIOLATED)
_42097_/S1                              1.50    5.75   -4.25 (VIOLATED)
_42098_/S1                              1.50    5.75   -4.25 (VIOLATED)
_42099_/S1                              1.50    5.75   -4.25 (VIOLATED)
_42101_/S1                              1.50    5.75   -4.25 (VIOLATED)
_42102_/S1                              1.50    5.75   -4.25 (VIOLATED)
_42103_/S1                              1.50    5.75   -4.25 (VIOLATED)
_42104_/S1                              1.50    5.75   -4.25 (VIOLATED)
_42105_/S1                              1.50    5.75   -4.25 (VIOLATED)
_42107_/S1                              1.50    5.75   -4.25 (VIOLATED)
_42108_/S1                              1.50    5.75   -4.25 (VIOLATED)
_42109_/S1                              1.50    5.75   -4.25 (VIOLATED)
_42110_/S1                              1.50    5.75   -4.25 (VIOLATED)
_42111_/S1                              1.50    5.75   -4.25 (VIOLATED)
_42113_/S1                              1.50    5.75   -4.25 (VIOLATED)
_42114_/S1                              1.50    5.75   -4.25 (VIOLATED)
_42115_/S1                              1.50    5.75   -4.25 (VIOLATED)
_42116_/S1                              1.50    5.75   -4.25 (VIOLATED)
_42117_/S1                              1.50    5.75   -4.25 (VIOLATED)
_42119_/S1                              1.50    5.75   -4.25 (VIOLATED)
_42120_/S1                              1.50    5.75   -4.25 (VIOLATED)
_42121_/S1                              1.50    5.75   -4.25 (VIOLATED)
_42122_/S1                              1.50    5.75   -4.25 (VIOLATED)
_42123_/S1                              1.50    5.75   -4.25 (VIOLATED)
_42125_/S1                              1.50    5.75   -4.25 (VIOLATED)
_42126_/S1                              1.50    5.75   -4.25 (VIOLATED)
_42127_/S1                              1.50    5.75   -4.25 (VIOLATED)
_42128_/S1                              1.50    5.75   -4.25 (VIOLATED)
_42129_/S1                              1.50    5.75   -4.25 (VIOLATED)
_42131_/S1                              1.50    5.75   -4.25 (VIOLATED)
_42132_/S1                              1.50    5.75   -4.25 (VIOLATED)
_42133_/S1                              1.50    5.75   -4.25 (VIOLATED)
_42134_/S1                              1.50    5.75   -4.25 (VIOLATED)
_42135_/S1                              1.50    5.75   -4.25 (VIOLATED)
_42137_/S1                              1.50    5.75   -4.25 (VIOLATED)
_42138_/S1                              1.50    5.75   -4.25 (VIOLATED)
_42139_/S1                              1.50    5.75   -4.25 (VIOLATED)
_42140_/S1                              1.50    5.75   -4.25 (VIOLATED)
_42141_/S1                              1.50    5.75   -4.25 (VIOLATED)
_42143_/S1                              1.50    5.75   -4.25 (VIOLATED)
_42144_/S1                              1.50    5.75   -4.25 (VIOLATED)
_42145_/S1                              1.50    5.75   -4.25 (VIOLATED)
_42146_/S1                              1.50    5.75   -4.25 (VIOLATED)
_42147_/S1                              1.50    5.75   -4.25 (VIOLATED)
_42149_/S1                              1.50    5.75   -4.25 (VIOLATED)
_42150_/S1                              1.50    5.75   -4.25 (VIOLATED)
_42151_/S1                              1.50    5.75   -4.25 (VIOLATED)
_42152_/S1                              1.50    5.75   -4.25 (VIOLATED)
_42153_/S1                              1.50    5.75   -4.25 (VIOLATED)
_42155_/S1                              1.50    5.75   -4.25 (VIOLATED)
_42156_/S1                              1.50    5.75   -4.25 (VIOLATED)
_42157_/S1                              1.50    5.75   -4.25 (VIOLATED)
_42158_/S1                              1.50    5.75   -4.25 (VIOLATED)
_42159_/S1                              1.50    5.75   -4.25 (VIOLATED)
_41666_/X                               1.51    5.75   -4.25 (VIOLATED)
_26351_/A                               1.50    2.87   -1.37 (VIOLATED)
_26368_/A                               1.50    2.87   -1.37 (VIOLATED)
_26384_/A                               1.50    2.87   -1.37 (VIOLATED)
_26402_/A                               1.50    2.87   -1.37 (VIOLATED)
_26422_/A                               1.50    2.87   -1.37 (VIOLATED)
_40806_/S                               1.50    2.87   -1.37 (VIOLATED)
_40807_/S                               1.50    2.87   -1.37 (VIOLATED)
_40808_/S                               1.50    2.87   -1.37 (VIOLATED)
_40809_/S                               1.50    2.87   -1.37 (VIOLATED)
_40810_/S                               1.50    2.87   -1.37 (VIOLATED)
_40811_/S                               1.50    2.87   -1.37 (VIOLATED)
_40812_/S                               1.50    2.87   -1.37 (VIOLATED)
_40813_/S                               1.50    2.87   -1.37 (VIOLATED)
_40814_/S                               1.50    2.87   -1.37 (VIOLATED)
_40815_/S                               1.50    2.87   -1.37 (VIOLATED)
_40816_/S                               1.50    2.87   -1.37 (VIOLATED)
_40817_/S                               1.50    2.87   -1.37 (VIOLATED)
_40818_/S                               1.50    2.87   -1.37 (VIOLATED)
_40819_/S                               1.50    2.87   -1.37 (VIOLATED)
_40820_/S                               1.50    2.87   -1.37 (VIOLATED)
_40821_/S                               1.50    2.87   -1.37 (VIOLATED)
_40822_/S                               1.50    2.87   -1.37 (VIOLATED)
_40823_/S                               1.50    2.87   -1.37 (VIOLATED)
_40824_/S                               1.50    2.87   -1.37 (VIOLATED)
_40825_/S                               1.50    2.87   -1.37 (VIOLATED)
_40826_/S                               1.50    2.87   -1.37 (VIOLATED)
_40827_/S                               1.50    2.87   -1.37 (VIOLATED)
_40828_/S                               1.50    2.87   -1.37 (VIOLATED)
_40829_/S                               1.50    2.87   -1.37 (VIOLATED)
_41440_/S                               1.50    2.87   -1.37 (VIOLATED)
_41446_/S                               1.50    2.87   -1.37 (VIOLATED)
_41452_/S                               1.50    2.87   -1.37 (VIOLATED)
_41458_/S                               1.50    2.87   -1.37 (VIOLATED)
_41464_/S                               1.50    2.87   -1.37 (VIOLATED)
_41470_/S                               1.50    2.87   -1.37 (VIOLATED)
_41476_/S                               1.50    2.87   -1.37 (VIOLATED)
_41482_/S                               1.50    2.87   -1.37 (VIOLATED)
_41487_/S                               1.50    2.87   -1.37 (VIOLATED)
_41493_/S                               1.50    2.87   -1.37 (VIOLATED)
_41499_/S                               1.50    2.87   -1.37 (VIOLATED)
_41505_/S                               1.50    2.87   -1.37 (VIOLATED)
_41511_/S                               1.50    2.87   -1.37 (VIOLATED)
_41517_/S                               1.50    2.87   -1.37 (VIOLATED)
_41523_/S                               1.50    2.87   -1.37 (VIOLATED)
_41529_/S                               1.50    2.87   -1.37 (VIOLATED)
_25996_/X                               1.51    2.87   -1.35 (VIOLATED)
_24231_/B                               1.50    2.31   -0.81 (VIOLATED)
_24291_/A                               1.50    2.31   -0.81 (VIOLATED)
_24320_/B1                              1.50    2.31   -0.81 (VIOLATED)
_26613_/B                               1.50    2.31   -0.81 (VIOLATED)
_26615_/C                               1.50    2.31   -0.81 (VIOLATED)
_41155_/S                               1.50    2.31   -0.81 (VIOLATED)
_41670_/S                               1.50    2.31   -0.81 (VIOLATED)
_41707_/S                               1.50    2.31   -0.81 (VIOLATED)
_41709_/S                               1.50    2.31   -0.81 (VIOLATED)
_41711_/S                               1.50    2.31   -0.81 (VIOLATED)
_41713_/S                               1.50    2.31   -0.81 (VIOLATED)
_41715_/S                               1.50    2.31   -0.81 (VIOLATED)
_41717_/S                               1.50    2.31   -0.81 (VIOLATED)
_41719_/S                               1.50    2.31   -0.81 (VIOLATED)
_41721_/S                               1.50    2.31   -0.81 (VIOLATED)
_41723_/S                               1.50    2.31   -0.81 (VIOLATED)
_41725_/S                               1.50    2.31   -0.81 (VIOLATED)
_41727_/S                               1.50    2.31   -0.81 (VIOLATED)
_41729_/S                               1.50    2.31   -0.81 (VIOLATED)
_41731_/S                               1.50    2.31   -0.81 (VIOLATED)
_41733_/S                               1.50    2.31   -0.81 (VIOLATED)
_41735_/S                               1.50    2.31   -0.81 (VIOLATED)
_41737_/S                               1.50    2.31   -0.81 (VIOLATED)
_41739_/S                               1.50    2.31   -0.81 (VIOLATED)
_41741_/S                               1.50    2.31   -0.81 (VIOLATED)
_41743_/S                               1.50    2.31   -0.81 (VIOLATED)
_41745_/S                               1.50    2.31   -0.81 (VIOLATED)
_41747_/S                               1.50    2.31   -0.81 (VIOLATED)
_41749_/S                               1.50    2.31   -0.81 (VIOLATED)
_41751_/S                               1.50    2.31   -0.81 (VIOLATED)
_41753_/S                               1.50    2.31   -0.81 (VIOLATED)
_41755_/S                               1.50    2.31   -0.81 (VIOLATED)
_41757_/S                               1.50    2.31   -0.81 (VIOLATED)
_41759_/S                               1.50    2.31   -0.81 (VIOLATED)
_41761_/S                               1.50    2.31   -0.81 (VIOLATED)
_41763_/S                               1.50    2.31   -0.81 (VIOLATED)
_41767_/S                               1.50    2.31   -0.81 (VIOLATED)
_41771_/S                               1.50    2.31   -0.81 (VIOLATED)
_24230_/X                               1.51    2.31   -0.80 (VIOLATED)
_21194_/A                               1.50    2.06   -0.56 (VIOLATED)
_41122_/S                               1.50    2.06   -0.56 (VIOLATED)
_41123_/S                               1.50    2.06   -0.56 (VIOLATED)
_41124_/S                               1.50    2.06   -0.56 (VIOLATED)
_41125_/S                               1.50    2.06   -0.56 (VIOLATED)
_41126_/S                               1.50    2.06   -0.56 (VIOLATED)
_41127_/S                               1.50    2.06   -0.56 (VIOLATED)
_41128_/S                               1.50    2.06   -0.56 (VIOLATED)
_41129_/S                               1.50    2.06   -0.56 (VIOLATED)
_41130_/S                               1.50    2.06   -0.56 (VIOLATED)
_41131_/S                               1.50    2.06   -0.56 (VIOLATED)
_41132_/S                               1.50    2.06   -0.56 (VIOLATED)
_41133_/S                               1.50    2.06   -0.56 (VIOLATED)
_41134_/S                               1.50    2.06   -0.56 (VIOLATED)
_41135_/S                               1.50    2.06   -0.56 (VIOLATED)
_41136_/S                               1.50    2.06   -0.56 (VIOLATED)
_41137_/S                               1.50    2.06   -0.56 (VIOLATED)
_41138_/S                               1.50    2.06   -0.56 (VIOLATED)
_41139_/S                               1.50    2.06   -0.56 (VIOLATED)
_41140_/S                               1.50    2.06   -0.56 (VIOLATED)
_41141_/S                               1.50    2.06   -0.56 (VIOLATED)
_41142_/S                               1.50    2.06   -0.56 (VIOLATED)
_41143_/S                               1.50    2.06   -0.56 (VIOLATED)
_41144_/S                               1.50    2.06   -0.56 (VIOLATED)
_41145_/S                               1.50    2.06   -0.56 (VIOLATED)
_41146_/S                               1.50    2.06   -0.56 (VIOLATED)
_41147_/S                               1.50    2.06   -0.56 (VIOLATED)
_41148_/S                               1.50    2.06   -0.56 (VIOLATED)
_41149_/S                               1.50    2.06   -0.56 (VIOLATED)
_41150_/S                               1.50    2.06   -0.56 (VIOLATED)
_41151_/S                               1.50    2.06   -0.56 (VIOLATED)
_41152_/S                               1.50    2.06   -0.56 (VIOLATED)
_41153_/S                               1.50    2.06   -0.56 (VIOLATED)
_21191_/X                               1.51    2.06   -0.54 (VIOLATED)
_21399_/B                               1.50    2.03   -0.53 (VIOLATED)
_26000_/A                               1.50    2.03   -0.53 (VIOLATED)
_26005_/A                               1.50    2.03   -0.53 (VIOLATED)
_26010_/A                               1.50    2.03   -0.53 (VIOLATED)
_26014_/A                               1.50    2.03   -0.53 (VIOLATED)
_40747_/S                               1.50    2.03   -0.53 (VIOLATED)
_40749_/S                               1.50    2.03   -0.53 (VIOLATED)
_40751_/S                               1.50    2.03   -0.53 (VIOLATED)
_40753_/S                               1.50    2.03   -0.53 (VIOLATED)
_40755_/S                               1.50    2.03   -0.53 (VIOLATED)
_40757_/S                               1.50    2.03   -0.53 (VIOLATED)
_40759_/S                               1.50    2.03   -0.53 (VIOLATED)
_40761_/S                               1.50    2.03   -0.53 (VIOLATED)
_40763_/S                               1.50    2.03   -0.53 (VIOLATED)
_40765_/S                               1.50    2.03   -0.53 (VIOLATED)
_40767_/S                               1.50    2.03   -0.53 (VIOLATED)
_40769_/S                               1.50    2.03   -0.53 (VIOLATED)
_40771_/S                               1.50    2.03   -0.53 (VIOLATED)
_40773_/S                               1.50    2.03   -0.53 (VIOLATED)
_40775_/S                               1.50    2.03   -0.53 (VIOLATED)
_40777_/S                               1.50    2.03   -0.53 (VIOLATED)
_40779_/S                               1.50    2.03   -0.53 (VIOLATED)
_40781_/S                               1.50    2.03   -0.53 (VIOLATED)
_40783_/S                               1.50    2.03   -0.53 (VIOLATED)
_40785_/S                               1.50    2.03   -0.53 (VIOLATED)
_40787_/S                               1.50    2.03   -0.53 (VIOLATED)
_40789_/S                               1.50    2.03   -0.53 (VIOLATED)
_40791_/S                               1.50    2.03   -0.53 (VIOLATED)
_40793_/S                               1.50    2.03   -0.53 (VIOLATED)
_40795_/S                               1.50    2.03   -0.53 (VIOLATED)
_40797_/S                               1.50    2.03   -0.53 (VIOLATED)
_40799_/S                               1.50    2.03   -0.53 (VIOLATED)
_40801_/S                               1.50    2.03   -0.53 (VIOLATED)
_40803_/S                               1.50    2.03   -0.53 (VIOLATED)
_40805_/S                               1.50    2.03   -0.53 (VIOLATED)
_21398_/X                               1.51    2.03   -0.52 (VIOLATED)
_21253_/Y                               1.49    1.98   -0.49 (VIOLATED)
_21254_/A                               1.50    1.98   -0.48 (VIOLATED)
_24554_/A2                              1.50    1.98   -0.48 (VIOLATED)
_24572_/B2                              1.50    1.98   -0.48 (VIOLATED)
_41773_/S                               1.50    1.98   -0.48 (VIOLATED)
_41775_/S                               1.50    1.98   -0.48 (VIOLATED)
_41777_/S                               1.50    1.98   -0.48 (VIOLATED)
_41779_/S                               1.50    1.98   -0.48 (VIOLATED)
_41781_/S                               1.50    1.98   -0.48 (VIOLATED)
_41783_/S                               1.50    1.98   -0.48 (VIOLATED)
_41785_/S                               1.50    1.98   -0.48 (VIOLATED)
_41787_/S                               1.50    1.98   -0.48 (VIOLATED)
_41789_/S                               1.50    1.98   -0.48 (VIOLATED)
_41791_/S                               1.50    1.98   -0.48 (VIOLATED)
_41793_/S                               1.50    1.98   -0.48 (VIOLATED)
_41795_/S                               1.50    1.98   -0.48 (VIOLATED)
_41797_/S                               1.50    1.98   -0.48 (VIOLATED)
_41799_/S                               1.50    1.98   -0.48 (VIOLATED)
_41801_/S                               1.50    1.98   -0.48 (VIOLATED)
_41803_/S                               1.50    1.98   -0.48 (VIOLATED)
_41805_/S                               1.50    1.98   -0.48 (VIOLATED)
_41807_/S                               1.50    1.98   -0.48 (VIOLATED)
_41809_/S                               1.50    1.98   -0.48 (VIOLATED)
_41811_/S                               1.50    1.98   -0.48 (VIOLATED)
_41813_/S                               1.50    1.98   -0.48 (VIOLATED)
_41815_/S                               1.50    1.98   -0.48 (VIOLATED)
_41817_/S                               1.50    1.98   -0.48 (VIOLATED)
_41819_/S                               1.50    1.98   -0.48 (VIOLATED)
_41821_/S                               1.50    1.98   -0.48 (VIOLATED)
_41823_/S                               1.50    1.98   -0.48 (VIOLATED)
_41825_/S                               1.50    1.98   -0.48 (VIOLATED)
_41827_/S                               1.50    1.98   -0.48 (VIOLATED)
_41829_/S                               1.50    1.98   -0.48 (VIOLATED)
_41831_/S                               1.50    1.98   -0.48 (VIOLATED)
_41833_/S                               1.50    1.98   -0.48 (VIOLATED)
_41835_/S                               1.50    1.98   -0.48 (VIOLATED)
_22653_/A                               1.50    1.91   -0.41 (VIOLATED)
_24280_/B                               1.50    1.91   -0.41 (VIOLATED)
_24381_/A                               1.50    1.91   -0.41 (VIOLATED)
_24382_/A                               1.50    1.91   -0.41 (VIOLATED)
_40737_/A                               1.50    1.91   -0.41 (VIOLATED)
_41048_/S                               1.50    1.91   -0.41 (VIOLATED)
_41053_/S                               1.50    1.91   -0.41 (VIOLATED)
_41058_/S                               1.50    1.91   -0.41 (VIOLATED)
_41063_/S                               1.50    1.91   -0.41 (VIOLATED)
_41209_/S                               1.50    1.91   -0.41 (VIOLATED)
_41210_/S                               1.50    1.91   -0.41 (VIOLATED)
_41212_/S                               1.50    1.91   -0.41 (VIOLATED)
_41213_/S                               1.50    1.91   -0.41 (VIOLATED)
_41216_/S                               1.50    1.91   -0.41 (VIOLATED)
_41217_/S                               1.50    1.91   -0.41 (VIOLATED)
_41219_/S                               1.50    1.91   -0.41 (VIOLATED)
_41220_/S                               1.50    1.91   -0.41 (VIOLATED)
_41223_/S                               1.50    1.91   -0.41 (VIOLATED)
_41224_/S                               1.50    1.91   -0.41 (VIOLATED)
_41226_/S                               1.50    1.91   -0.41 (VIOLATED)
_41227_/S                               1.50    1.91   -0.41 (VIOLATED)
_41229_/S                               1.50    1.91   -0.41 (VIOLATED)
_41230_/S                               1.50    1.91   -0.41 (VIOLATED)
_41231_/S                               1.50    1.91   -0.41 (VIOLATED)
_41235_/S                               1.50    1.91   -0.41 (VIOLATED)
_41236_/S                               1.50    1.91   -0.41 (VIOLATED)
_41238_/S                               1.50    1.91   -0.41 (VIOLATED)
_41239_/S                               1.50    1.91   -0.41 (VIOLATED)
_41242_/S                               1.50    1.91   -0.41 (VIOLATED)
_41243_/S                               1.50    1.91   -0.41 (VIOLATED)
_41245_/S                               1.50    1.91   -0.41 (VIOLATED)
_41246_/S                               1.50    1.91   -0.41 (VIOLATED)
_41249_/S                               1.50    1.91   -0.41 (VIOLATED)
_41250_/S                               1.50    1.91   -0.41 (VIOLATED)
_41252_/S                               1.50    1.91   -0.41 (VIOLATED)
_41253_/S                               1.50    1.91   -0.41 (VIOLATED)
_41255_/S                               1.50    1.91   -0.41 (VIOLATED)
_41256_/S                               1.50    1.91   -0.41 (VIOLATED)
_41257_/S                               1.50    1.91   -0.41 (VIOLATED)
_41258_/S                               1.50    1.91   -0.41 (VIOLATED)
_41259_/S                               1.50    1.91   -0.41 (VIOLATED)
_41261_/S                               1.50    1.91   -0.41 (VIOLATED)
_41263_/S                               1.50    1.91   -0.41 (VIOLATED)
_41265_/S                               1.50    1.91   -0.41 (VIOLATED)
_41267_/S                               1.50    1.91   -0.41 (VIOLATED)
_41271_/S                               1.50    1.91   -0.41 (VIOLATED)
_41276_/S                               1.50    1.91   -0.41 (VIOLATED)
_41281_/S                               1.50    1.91   -0.41 (VIOLATED)
_41286_/S                               1.50    1.91   -0.41 (VIOLATED)
_41294_/S                               1.50    1.91   -0.41 (VIOLATED)
_41302_/S                               1.50    1.91   -0.41 (VIOLATED)
_41306_/S                               1.50    1.91   -0.41 (VIOLATED)
_41307_/S                               1.50    1.91   -0.41 (VIOLATED)
_41309_/S                               1.50    1.91   -0.41 (VIOLATED)
_41310_/S                               1.50    1.91   -0.41 (VIOLATED)
_41313_/S                               1.50    1.91   -0.41 (VIOLATED)
_41314_/S                               1.50    1.91   -0.41 (VIOLATED)
_41316_/S                               1.50    1.91   -0.41 (VIOLATED)
_41317_/S                               1.50    1.91   -0.41 (VIOLATED)
_41318_/S                               1.50    1.91   -0.41 (VIOLATED)
_41321_/S                               1.50    1.91   -0.41 (VIOLATED)
_41322_/S                               1.50    1.91   -0.41 (VIOLATED)
_41324_/S                               1.50    1.91   -0.41 (VIOLATED)
_41325_/S                               1.50    1.91   -0.41 (VIOLATED)
_41328_/S                               1.50    1.91   -0.41 (VIOLATED)
_41329_/S                               1.50    1.91   -0.41 (VIOLATED)
_41331_/S                               1.50    1.91   -0.41 (VIOLATED)
_41332_/S                               1.50    1.91   -0.41 (VIOLATED)
_43362_/Q                               1.51    1.91   -0.40 (VIOLATED)
_22651_/A                               1.50    1.85   -0.35 (VIOLATED)
_24273_/A                               1.50    1.85   -0.35 (VIOLATED)
_24280_/A                               1.50    1.85   -0.35 (VIOLATED)
_40738_/A                               1.50    1.85   -0.35 (VIOLATED)
_41040_/S                               1.50    1.85   -0.35 (VIOLATED)
_41044_/S                               1.50    1.85   -0.35 (VIOLATED)
_41049_/S                               1.50    1.85   -0.35 (VIOLATED)
_41054_/S                               1.50    1.85   -0.35 (VIOLATED)
_41059_/S                               1.50    1.85   -0.35 (VIOLATED)
_41064_/S                               1.50    1.85   -0.35 (VIOLATED)
_41068_/S                               1.50    1.85   -0.35 (VIOLATED)
_41072_/S                               1.50    1.85   -0.35 (VIOLATED)
_41186_/S                               1.50    1.85   -0.35 (VIOLATED)
_41187_/S                               1.50    1.85   -0.35 (VIOLATED)
_41189_/S                               1.50    1.85   -0.35 (VIOLATED)
_41190_/S                               1.50    1.85   -0.35 (VIOLATED)
_41192_/S                               1.50    1.85   -0.35 (VIOLATED)
_41193_/S                               1.50    1.85   -0.35 (VIOLATED)
_41194_/S                               1.50    1.85   -0.35 (VIOLATED)
_41197_/S                               1.50    1.85   -0.35 (VIOLATED)
_41198_/S                               1.50    1.85   -0.35 (VIOLATED)
_41200_/S                               1.50    1.85   -0.35 (VIOLATED)
_41201_/S                               1.50    1.85   -0.35 (VIOLATED)
_41203_/S                               1.50    1.85   -0.35 (VIOLATED)
_41204_/S                               1.50    1.85   -0.35 (VIOLATED)
_41205_/S                               1.50    1.85   -0.35 (VIOLATED)
_41208_/S                               1.50    1.85   -0.35 (VIOLATED)
_41211_/S                               1.50    1.85   -0.35 (VIOLATED)
_41215_/S                               1.50    1.85   -0.35 (VIOLATED)
_41218_/S                               1.50    1.85   -0.35 (VIOLATED)
_41222_/S                               1.50    1.85   -0.35 (VIOLATED)
_41225_/S                               1.50    1.85   -0.35 (VIOLATED)
_41228_/S                               1.50    1.85   -0.35 (VIOLATED)
_41234_/S                               1.50    1.85   -0.35 (VIOLATED)
_41237_/S                               1.50    1.85   -0.35 (VIOLATED)
_41241_/S                               1.50    1.85   -0.35 (VIOLATED)
_41244_/S                               1.50    1.85   -0.35 (VIOLATED)
_41248_/S                               1.50    1.85   -0.35 (VIOLATED)
_41251_/S                               1.50    1.85   -0.35 (VIOLATED)
_41254_/S                               1.50    1.85   -0.35 (VIOLATED)
_41260_/S                               1.50    1.85   -0.35 (VIOLATED)
_41262_/S                               1.50    1.85   -0.35 (VIOLATED)
_41264_/S                               1.50    1.85   -0.35 (VIOLATED)
_41266_/S                               1.50    1.85   -0.35 (VIOLATED)
_41270_/S                               1.50    1.85   -0.35 (VIOLATED)
_41275_/S                               1.50    1.85   -0.35 (VIOLATED)
_41280_/S                               1.50    1.85   -0.35 (VIOLATED)
_41285_/S                               1.50    1.85   -0.35 (VIOLATED)
_41289_/S                               1.50    1.85   -0.35 (VIOLATED)
_41290_/S                               1.50    1.85   -0.35 (VIOLATED)
_41292_/S                               1.50    1.85   -0.35 (VIOLATED)
_41293_/S                               1.50    1.85   -0.35 (VIOLATED)
_41295_/S                               1.50    1.85   -0.35 (VIOLATED)
_41297_/S                               1.50    1.85   -0.35 (VIOLATED)
_41298_/S                               1.50    1.85   -0.35 (VIOLATED)
_41300_/S                               1.50    1.85   -0.35 (VIOLATED)
_41301_/S                               1.50    1.85   -0.35 (VIOLATED)
_41303_/S                               1.50    1.85   -0.35 (VIOLATED)
_41305_/S                               1.50    1.85   -0.35 (VIOLATED)
_41308_/S                               1.50    1.85   -0.35 (VIOLATED)
_41312_/S                               1.50    1.85   -0.35 (VIOLATED)
_41315_/S                               1.50    1.85   -0.35 (VIOLATED)
_41320_/S                               1.50    1.85   -0.35 (VIOLATED)
_41323_/S                               1.50    1.85   -0.35 (VIOLATED)
_41327_/S                               1.50    1.85   -0.35 (VIOLATED)
_41330_/S                               1.50    1.85   -0.35 (VIOLATED)
_43363_/Q                               1.51    1.85   -0.34 (VIOLATED)
_26621_/Y                               1.49    1.83   -0.33 (VIOLATED)
_25329_/Y                               1.49    1.83   -0.33 (VIOLATED)
_40887_/S                               1.50    1.83   -0.33 (VIOLATED)
_40888_/S                               1.50    1.83   -0.33 (VIOLATED)
_40889_/S                               1.50    1.83   -0.33 (VIOLATED)
_40890_/S                               1.50    1.83   -0.33 (VIOLATED)
_40891_/S                               1.50    1.83   -0.33 (VIOLATED)
_40892_/S                               1.50    1.83   -0.33 (VIOLATED)
_40893_/S                               1.50    1.83   -0.33 (VIOLATED)
_40894_/S                               1.50    1.83   -0.33 (VIOLATED)
_40895_/S                               1.50    1.83   -0.33 (VIOLATED)
_40896_/S                               1.50    1.83   -0.33 (VIOLATED)
_40897_/S                               1.50    1.83   -0.33 (VIOLATED)
_40898_/S                               1.50    1.83   -0.33 (VIOLATED)
_40899_/S                               1.50    1.83   -0.33 (VIOLATED)
_40900_/S                               1.50    1.83   -0.33 (VIOLATED)
_40901_/S                               1.50    1.83   -0.33 (VIOLATED)
_40902_/S                               1.50    1.83   -0.33 (VIOLATED)
_40903_/S                               1.50    1.83   -0.33 (VIOLATED)
_40904_/S                               1.50    1.83   -0.33 (VIOLATED)
_40905_/S                               1.50    1.83   -0.33 (VIOLATED)
_40906_/S                               1.50    1.83   -0.33 (VIOLATED)
_40907_/S                               1.50    1.83   -0.33 (VIOLATED)
_40908_/S                               1.50    1.83   -0.33 (VIOLATED)
_40909_/S                               1.50    1.83   -0.33 (VIOLATED)
_40910_/S                               1.50    1.83   -0.33 (VIOLATED)
_40911_/S                               1.50    1.83   -0.33 (VIOLATED)
_40912_/S                               1.50    1.83   -0.33 (VIOLATED)
_40913_/S                               1.50    1.83   -0.33 (VIOLATED)
_40914_/S                               1.50    1.83   -0.33 (VIOLATED)
_40915_/S                               1.50    1.83   -0.33 (VIOLATED)
_40916_/S                               1.50    1.83   -0.33 (VIOLATED)
_40917_/S                               1.50    1.83   -0.33 (VIOLATED)
_40918_/S                               1.50    1.83   -0.33 (VIOLATED)
_41836_/S                               1.50    1.83   -0.33 (VIOLATED)
_41838_/S                               1.50    1.83   -0.33 (VIOLATED)
_41840_/S                               1.50    1.83   -0.33 (VIOLATED)
_41842_/S                               1.50    1.83   -0.33 (VIOLATED)
_41844_/S                               1.50    1.83   -0.33 (VIOLATED)
_41846_/S                               1.50    1.83   -0.33 (VIOLATED)
_41848_/S                               1.50    1.83   -0.33 (VIOLATED)
_41850_/S                               1.50    1.83   -0.33 (VIOLATED)
_41852_/S                               1.50    1.83   -0.33 (VIOLATED)
_41854_/S                               1.50    1.83   -0.33 (VIOLATED)
_41856_/S                               1.50    1.83   -0.33 (VIOLATED)
_41858_/S                               1.50    1.83   -0.33 (VIOLATED)
_41860_/S                               1.50    1.83   -0.33 (VIOLATED)
_41862_/S                               1.50    1.83   -0.33 (VIOLATED)
_41864_/S                               1.50    1.83   -0.33 (VIOLATED)
_41866_/S                               1.50    1.83   -0.33 (VIOLATED)
_41868_/S                               1.50    1.83   -0.33 (VIOLATED)
_41870_/S                               1.50    1.83   -0.33 (VIOLATED)
_41872_/S                               1.50    1.83   -0.33 (VIOLATED)
_41874_/S                               1.50    1.83   -0.33 (VIOLATED)
_41876_/S                               1.50    1.83   -0.33 (VIOLATED)
_41878_/S                               1.50    1.83   -0.33 (VIOLATED)
_41880_/S                               1.50    1.83   -0.33 (VIOLATED)
_41882_/S                               1.50    1.83   -0.33 (VIOLATED)
_41884_/S                               1.50    1.83   -0.33 (VIOLATED)
_41886_/S                               1.50    1.83   -0.33 (VIOLATED)
_41888_/S                               1.50    1.83   -0.33 (VIOLATED)
_41891_/S                               1.50    1.83   -0.33 (VIOLATED)
_41894_/S                               1.50    1.83   -0.33 (VIOLATED)
_41897_/S                               1.50    1.83   -0.33 (VIOLATED)
_41900_/S                               1.50    1.83   -0.33 (VIOLATED)
_41903_/S                               1.50    1.83   -0.33 (VIOLATED)
_24078_/Y                               1.49    1.82   -0.32 (VIOLATED)
_24080_/A2                              1.50    1.82   -0.32 (VIOLATED)
_40982_/S                               1.50    1.82   -0.32 (VIOLATED)
_40983_/S                               1.50    1.82   -0.32 (VIOLATED)
_40984_/S                               1.50    1.82   -0.32 (VIOLATED)
_40985_/S                               1.50    1.82   -0.32 (VIOLATED)
_40986_/S                               1.50    1.82   -0.32 (VIOLATED)
_40987_/S                               1.50    1.82   -0.32 (VIOLATED)
_40988_/S                               1.50    1.82   -0.32 (VIOLATED)
_40989_/S                               1.50    1.82   -0.32 (VIOLATED)
_40990_/S                               1.50    1.82   -0.32 (VIOLATED)
_40991_/S                               1.50    1.82   -0.32 (VIOLATED)
_40992_/S                               1.50    1.82   -0.32 (VIOLATED)
_40993_/S                               1.50    1.82   -0.32 (VIOLATED)
_40994_/S                               1.50    1.82   -0.32 (VIOLATED)
_40995_/S                               1.50    1.82   -0.32 (VIOLATED)
_40996_/S                               1.50    1.82   -0.32 (VIOLATED)
_40997_/S                               1.50    1.82   -0.32 (VIOLATED)
_40998_/S                               1.50    1.82   -0.32 (VIOLATED)
_40999_/S                               1.50    1.82   -0.32 (VIOLATED)
_41000_/S                               1.50    1.82   -0.32 (VIOLATED)
_41001_/S                               1.50    1.82   -0.32 (VIOLATED)
_41002_/S                               1.50    1.82   -0.32 (VIOLATED)
_41003_/S                               1.50    1.82   -0.32 (VIOLATED)
_41004_/S                               1.50    1.82   -0.32 (VIOLATED)
_41005_/S                               1.50    1.82   -0.32 (VIOLATED)
_41006_/S                               1.50    1.82   -0.32 (VIOLATED)
_41007_/S                               1.50    1.82   -0.32 (VIOLATED)
_41008_/S                               1.50    1.82   -0.32 (VIOLATED)
_41009_/S                               1.50    1.82   -0.32 (VIOLATED)
_41010_/S                               1.50    1.82   -0.32 (VIOLATED)
_41011_/S                               1.50    1.82   -0.32 (VIOLATED)
_41593_/S                               1.50    1.82   -0.32 (VIOLATED)
_22649_/A                               1.50    1.80   -0.30 (VIOLATED)
_24268_/A                               1.50    1.80   -0.30 (VIOLATED)
_24482_/A                               1.50    1.80   -0.30 (VIOLATED)
_26819_/B                               1.50    1.80   -0.30 (VIOLATED)
_40739_/A                               1.50    1.80   -0.30 (VIOLATED)
_41028_/S                               1.50    1.80   -0.30 (VIOLATED)
_41031_/S                               1.50    1.80   -0.30 (VIOLATED)
_41034_/S                               1.50    1.80   -0.30 (VIOLATED)
_41037_/S                               1.50    1.80   -0.30 (VIOLATED)
_41041_/S                               1.50    1.80   -0.30 (VIOLATED)
_41045_/S                               1.50    1.80   -0.30 (VIOLATED)
_41050_/S                               1.50    1.80   -0.30 (VIOLATED)
_41055_/S                               1.50    1.80   -0.30 (VIOLATED)
_41060_/S                               1.50    1.80   -0.30 (VIOLATED)
_41065_/S                               1.50    1.80   -0.30 (VIOLATED)
_41069_/S                               1.50    1.80   -0.30 (VIOLATED)
_41073_/S                               1.50    1.80   -0.30 (VIOLATED)
_41076_/S                               1.50    1.80   -0.30 (VIOLATED)
_41079_/S                               1.50    1.80   -0.30 (VIOLATED)
_41082_/S                               1.50    1.80   -0.30 (VIOLATED)
_41085_/S                               1.50    1.80   -0.30 (VIOLATED)
_41169_/S                               1.50    1.80   -0.30 (VIOLATED)
_41170_/S                               1.50    1.80   -0.30 (VIOLATED)
_41171_/S                               1.50    1.80   -0.30 (VIOLATED)
_41173_/S                               1.50    1.80   -0.30 (VIOLATED)
_41174_/S                               1.50    1.80   -0.30 (VIOLATED)
_41175_/S                               1.50    1.80   -0.30 (VIOLATED)
_41177_/S                               1.50    1.80   -0.30 (VIOLATED)
_41178_/S                               1.50    1.80   -0.30 (VIOLATED)
_41179_/S                               1.50    1.80   -0.30 (VIOLATED)
_41181_/S                               1.50    1.80   -0.30 (VIOLATED)
_41182_/S                               1.50    1.80   -0.30 (VIOLATED)
_41183_/S                               1.50    1.80   -0.30 (VIOLATED)
_41185_/S                               1.50    1.80   -0.30 (VIOLATED)
_41188_/S                               1.50    1.80   -0.30 (VIOLATED)
_41191_/S                               1.50    1.80   -0.30 (VIOLATED)
_41196_/S                               1.50    1.80   -0.30 (VIOLATED)
_41199_/S                               1.50    1.80   -0.30 (VIOLATED)
_41202_/S                               1.50    1.80   -0.30 (VIOLATED)
_41207_/S                               1.50    1.80   -0.30 (VIOLATED)
_41214_/S                               1.50    1.80   -0.30 (VIOLATED)
_41221_/S                               1.50    1.80   -0.30 (VIOLATED)
_41233_/S                               1.50    1.80   -0.30 (VIOLATED)
_41240_/S                               1.50    1.80   -0.30 (VIOLATED)
_41247_/S                               1.50    1.80   -0.30 (VIOLATED)
_41268_/S                               1.50    1.80   -0.30 (VIOLATED)
_41269_/S                               1.50    1.80   -0.30 (VIOLATED)
_41272_/S                               1.50    1.80   -0.30 (VIOLATED)
_41273_/S                               1.50    1.80   -0.30 (VIOLATED)
_41274_/S                               1.50    1.80   -0.30 (VIOLATED)
_41277_/S                               1.50    1.80   -0.30 (VIOLATED)
_41278_/S                               1.50    1.80   -0.30 (VIOLATED)
_41279_/S                               1.50    1.80   -0.30 (VIOLATED)
_41282_/S                               1.50    1.80   -0.30 (VIOLATED)
_41283_/S                               1.50    1.80   -0.30 (VIOLATED)
_41284_/S                               1.50    1.80   -0.30 (VIOLATED)
_41287_/S                               1.50    1.80   -0.30 (VIOLATED)
_41288_/S                               1.50    1.80   -0.30 (VIOLATED)
_41291_/S                               1.50    1.80   -0.30 (VIOLATED)
_41296_/S                               1.50    1.80   -0.30 (VIOLATED)
_41299_/S                               1.50    1.80   -0.30 (VIOLATED)
_41304_/S                               1.50    1.80   -0.30 (VIOLATED)
_41311_/S                               1.50    1.80   -0.30 (VIOLATED)
_41319_/S                               1.50    1.80   -0.30 (VIOLATED)
_41326_/S                               1.50    1.80   -0.30 (VIOLATED)
_43364_/Q                               1.51    1.80   -0.30 (VIOLATED)
_22647_/A                               1.50    1.78   -0.28 (VIOLATED)
_24254_/A                               1.50    1.78   -0.28 (VIOLATED)
_24257_/B                               1.50    1.78   -0.28 (VIOLATED)
_24479_/A                               1.50    1.78   -0.28 (VIOLATED)
_26832_/A1                              1.50    1.78   -0.28 (VIOLATED)
_27044_/B                               1.50    1.78   -0.28 (VIOLATED)
_40740_/A                               1.50    1.78   -0.28 (VIOLATED)
_41012_/S                               1.50    1.78   -0.28 (VIOLATED)
_41014_/S                               1.50    1.78   -0.28 (VIOLATED)
_41016_/S                               1.50    1.78   -0.28 (VIOLATED)
_41018_/S                               1.50    1.78   -0.28 (VIOLATED)
_41020_/S                               1.50    1.78   -0.28 (VIOLATED)
_41022_/S                               1.50    1.78   -0.28 (VIOLATED)
_41024_/S                               1.50    1.78   -0.28 (VIOLATED)
_41026_/S                               1.50    1.78   -0.28 (VIOLATED)
_41029_/S                               1.50    1.78   -0.28 (VIOLATED)
_41032_/S                               1.50    1.78   -0.28 (VIOLATED)
_41035_/S                               1.50    1.78   -0.28 (VIOLATED)
_41038_/S                               1.50    1.78   -0.28 (VIOLATED)
_41042_/S                               1.50    1.78   -0.28 (VIOLATED)
_41046_/S                               1.50    1.78   -0.28 (VIOLATED)
_41051_/S                               1.50    1.78   -0.28 (VIOLATED)
_41056_/S                               1.50    1.78   -0.28 (VIOLATED)
_41061_/S                               1.50    1.78   -0.28 (VIOLATED)
_41066_/S                               1.50    1.78   -0.28 (VIOLATED)
_41070_/S                               1.50    1.78   -0.28 (VIOLATED)
_41074_/S                               1.50    1.78   -0.28 (VIOLATED)
_41077_/S                               1.50    1.78   -0.28 (VIOLATED)
_41080_/S                               1.50    1.78   -0.28 (VIOLATED)
_41083_/S                               1.50    1.78   -0.28 (VIOLATED)
_41086_/S                               1.50    1.78   -0.28 (VIOLATED)
_41088_/S                               1.50    1.78   -0.28 (VIOLATED)
_41090_/S                               1.50    1.78   -0.28 (VIOLATED)
_41092_/S                               1.50    1.78   -0.28 (VIOLATED)
_41094_/S                               1.50    1.78   -0.28 (VIOLATED)
_41096_/S                               1.50    1.78   -0.28 (VIOLATED)
_41098_/S                               1.50    1.78   -0.28 (VIOLATED)
_41100_/S                               1.50    1.78   -0.28 (VIOLATED)
_41102_/S                               1.50    1.78   -0.28 (VIOLATED)
_41160_/S                               1.50    1.78   -0.28 (VIOLATED)
_41161_/S                               1.50    1.78   -0.28 (VIOLATED)
_41162_/S                               1.50    1.78   -0.28 (VIOLATED)
_41163_/S                               1.50    1.78   -0.28 (VIOLATED)
_41164_/S                               1.50    1.78   -0.28 (VIOLATED)
_41165_/S                               1.50    1.78   -0.28 (VIOLATED)
_41166_/S                               1.50    1.78   -0.28 (VIOLATED)
_41167_/S                               1.50    1.78   -0.28 (VIOLATED)
_41168_/S                               1.50    1.78   -0.28 (VIOLATED)
_41172_/S                               1.50    1.78   -0.28 (VIOLATED)
_41176_/S                               1.50    1.78   -0.28 (VIOLATED)
_41180_/S                               1.50    1.78   -0.28 (VIOLATED)
_41184_/S                               1.50    1.78   -0.28 (VIOLATED)
_41195_/S                               1.50    1.78   -0.28 (VIOLATED)
_41206_/S                               1.50    1.78   -0.28 (VIOLATED)
_41232_/S                               1.50    1.78   -0.28 (VIOLATED)
_41694_/S                               1.50    1.78   -0.28 (VIOLATED)
_41695_/S                               1.50    1.78   -0.28 (VIOLATED)
_41696_/S                               1.50    1.78   -0.28 (VIOLATED)
_41697_/S                               1.50    1.78   -0.28 (VIOLATED)
_41698_/S                               1.50    1.78   -0.28 (VIOLATED)
_41699_/S                               1.50    1.78   -0.28 (VIOLATED)
_41700_/S                               1.50    1.78   -0.28 (VIOLATED)
_41701_/S                               1.50    1.78   -0.28 (VIOLATED)
_21266_/B                               1.50    1.78   -0.28 (VIOLATED)
_41974_/S0                              1.50    1.78   -0.28 (VIOLATED)
_41980_/S0                              1.50    1.78   -0.28 (VIOLATED)
_41986_/S0                              1.50    1.78   -0.28 (VIOLATED)
_41992_/S0                              1.50    1.78   -0.28 (VIOLATED)
_41998_/S0                              1.50    1.78   -0.28 (VIOLATED)
_42004_/S0                              1.50    1.78   -0.28 (VIOLATED)
_42010_/S0                              1.50    1.78   -0.28 (VIOLATED)
_42016_/S0                              1.50    1.78   -0.28 (VIOLATED)
_42022_/S0                              1.50    1.78   -0.28 (VIOLATED)
_42028_/S0                              1.50    1.78   -0.28 (VIOLATED)
_42034_/S0                              1.50    1.78   -0.28 (VIOLATED)
_42040_/S0                              1.50    1.78   -0.28 (VIOLATED)
_42046_/S0                              1.50    1.78   -0.28 (VIOLATED)
_42052_/S0                              1.50    1.78   -0.28 (VIOLATED)
_42058_/S0                              1.50    1.78   -0.28 (VIOLATED)
_42064_/S0                              1.50    1.78   -0.28 (VIOLATED)
_42070_/S0                              1.50    1.78   -0.28 (VIOLATED)
_42076_/S0                              1.50    1.78   -0.28 (VIOLATED)
_42082_/S0                              1.50    1.78   -0.28 (VIOLATED)
_42088_/S0                              1.50    1.78   -0.28 (VIOLATED)
_42094_/S0                              1.50    1.78   -0.28 (VIOLATED)
_42100_/S0                              1.50    1.78   -0.28 (VIOLATED)
_42106_/S0                              1.50    1.78   -0.28 (VIOLATED)
_42112_/S0                              1.50    1.78   -0.28 (VIOLATED)
_42118_/S0                              1.50    1.78   -0.28 (VIOLATED)
_42124_/S0                              1.50    1.78   -0.28 (VIOLATED)
_42130_/S0                              1.50    1.78   -0.28 (VIOLATED)
_42136_/S0                              1.50    1.78   -0.28 (VIOLATED)
_42142_/S0                              1.50    1.78   -0.28 (VIOLATED)
_42148_/S0                              1.50    1.78   -0.28 (VIOLATED)
_42154_/S0                              1.50    1.78   -0.28 (VIOLATED)
_42160_/S0                              1.50    1.78   -0.28 (VIOLATED)
_43365_/Q                               1.51    1.78   -0.28 (VIOLATED)
_41665_/X                               1.51    1.78   -0.27 (VIOLATED)
_42161_/S0                              1.50    1.56   -0.06 (VIOLATED)
_42162_/S0                              1.50    1.56   -0.06 (VIOLATED)
_42163_/S0                              1.50    1.56   -0.06 (VIOLATED)
_42164_/S0                              1.50    1.56   -0.06 (VIOLATED)
_42165_/S0                              1.50    1.56   -0.06 (VIOLATED)
_42166_/S0                              1.50    1.56   -0.06 (VIOLATED)
_42167_/S0                              1.50    1.56   -0.06 (VIOLATED)
_42168_/S0                              1.50    1.56   -0.06 (VIOLATED)
_42169_/S0                              1.50    1.56   -0.06 (VIOLATED)
_42170_/S0                              1.50    1.56   -0.06 (VIOLATED)
_42171_/S0                              1.50    1.56   -0.06 (VIOLATED)
_42172_/S0                              1.50    1.56   -0.06 (VIOLATED)
_42173_/S0                              1.50    1.56   -0.06 (VIOLATED)
_42174_/S0                              1.50    1.56   -0.06 (VIOLATED)
_42175_/S0                              1.50    1.56   -0.06 (VIOLATED)
_42176_/S0                              1.50    1.56   -0.06 (VIOLATED)
_42177_/S0                              1.50    1.56   -0.06 (VIOLATED)
_42178_/S0                              1.50    1.56   -0.06 (VIOLATED)
_42179_/S0                              1.50    1.56   -0.06 (VIOLATED)
_42180_/S0                              1.50    1.56   -0.06 (VIOLATED)
_42181_/S0                              1.50    1.56   -0.06 (VIOLATED)
_42182_/S0                              1.50    1.56   -0.06 (VIOLATED)
_42183_/S0                              1.50    1.56   -0.06 (VIOLATED)
_42184_/S0                              1.50    1.56   -0.06 (VIOLATED)
_42185_/S0                              1.50    1.56   -0.06 (VIOLATED)
_42186_/S0                              1.50    1.56   -0.06 (VIOLATED)
_42187_/S0                              1.50    1.56   -0.06 (VIOLATED)
_42188_/S0                              1.50    1.56   -0.06 (VIOLATED)
_42189_/S0                              1.50    1.56   -0.06 (VIOLATED)
_40745_/X                               1.51    1.56   -0.05 (VIOLATED)
_22645_/A                               1.50    1.53   -0.03 (VIOLATED)
_24243_/A                               1.50    1.53   -0.03 (VIOLATED)
_24257_/A                               1.50    1.53   -0.03 (VIOLATED)
_24471_/A                               1.50    1.53   -0.03 (VIOLATED)
_27122_/A                               1.50    1.53   -0.03 (VIOLATED)
_40741_/A                               1.50    1.53   -0.03 (VIOLATED)
_41013_/S                               1.50    1.53   -0.03 (VIOLATED)
_41015_/S                               1.50    1.53   -0.03 (VIOLATED)
_41017_/S                               1.50    1.53   -0.03 (VIOLATED)
_41019_/S                               1.50    1.53   -0.03 (VIOLATED)
_41021_/S                               1.50    1.53   -0.03 (VIOLATED)
_41023_/S                               1.50    1.53   -0.03 (VIOLATED)
_41025_/S                               1.50    1.53   -0.03 (VIOLATED)
_41027_/S                               1.50    1.53   -0.03 (VIOLATED)
_41030_/S                               1.50    1.53   -0.03 (VIOLATED)
_41033_/S                               1.50    1.53   -0.03 (VIOLATED)
_41036_/S                               1.50    1.53   -0.03 (VIOLATED)
_41039_/S                               1.50    1.53   -0.03 (VIOLATED)
_41043_/S                               1.50    1.53   -0.03 (VIOLATED)
_41047_/S                               1.50    1.53   -0.03 (VIOLATED)
_41052_/S                               1.50    1.53   -0.03 (VIOLATED)
_41057_/S                               1.50    1.53   -0.03 (VIOLATED)
_41062_/S                               1.50    1.53   -0.03 (VIOLATED)
_41067_/S                               1.50    1.53   -0.03 (VIOLATED)
_41071_/S                               1.50    1.53   -0.03 (VIOLATED)
_41075_/S                               1.50    1.53   -0.03 (VIOLATED)
_41078_/S                               1.50    1.53   -0.03 (VIOLATED)
_41081_/S                               1.50    1.53   -0.03 (VIOLATED)
_41084_/S                               1.50    1.53   -0.03 (VIOLATED)
_41087_/S                               1.50    1.53   -0.03 (VIOLATED)
_41089_/S                               1.50    1.53   -0.03 (VIOLATED)
_41091_/S                               1.50    1.53   -0.03 (VIOLATED)
_41093_/S                               1.50    1.53   -0.03 (VIOLATED)
_41095_/S                               1.50    1.53   -0.03 (VIOLATED)
_41097_/S                               1.50    1.53   -0.03 (VIOLATED)
_41099_/S                               1.50    1.53   -0.03 (VIOLATED)
_41101_/S                               1.50    1.53   -0.03 (VIOLATED)
_41103_/S                               1.50    1.53   -0.03 (VIOLATED)
_41104_/S                               1.50    1.53   -0.03 (VIOLATED)
_41105_/S                               1.50    1.53   -0.03 (VIOLATED)
_41106_/S                               1.50    1.53   -0.03 (VIOLATED)
_41107_/S                               1.50    1.53   -0.03 (VIOLATED)
_41108_/S                               1.50    1.53   -0.03 (VIOLATED)
_41109_/S                               1.50    1.53   -0.03 (VIOLATED)
_41110_/S                               1.50    1.53   -0.03 (VIOLATED)
_41111_/S                               1.50    1.53   -0.03 (VIOLATED)
_41112_/S                               1.50    1.53   -0.03 (VIOLATED)
_41113_/S                               1.50    1.53   -0.03 (VIOLATED)
_41114_/S                               1.50    1.53   -0.03 (VIOLATED)
_41115_/S                               1.50    1.53   -0.03 (VIOLATED)
_41116_/S                               1.50    1.53   -0.03 (VIOLATED)
_41117_/S                               1.50    1.53   -0.03 (VIOLATED)
_41118_/S                               1.50    1.53   -0.03 (VIOLATED)
_41119_/S                               1.50    1.53   -0.03 (VIOLATED)
_43366_/Q                               1.51    1.53   -0.02 (VIOLATED)
_21267_/C                               1.50    1.50   -0.00 (VIOLATED)
_41631_/S                               1.50    1.50   -0.00 (VIOLATED)
_41632_/S                               1.50    1.50   -0.00 (VIOLATED)
_41633_/S                               1.50    1.50   -0.00 (VIOLATED)
_41634_/S                               1.50    1.50   -0.00 (VIOLATED)
_41635_/S                               1.50    1.50   -0.00 (VIOLATED)
_41636_/S                               1.50    1.50   -0.00 (VIOLATED)
_41637_/S                               1.50    1.50   -0.00 (VIOLATED)
_41638_/S                               1.50    1.50   -0.00 (VIOLATED)
_41639_/S                               1.50    1.50   -0.00 (VIOLATED)
_41640_/S                               1.50    1.50   -0.00 (VIOLATED)
_41641_/S                               1.50    1.50   -0.00 (VIOLATED)
_41642_/S                               1.50    1.50   -0.00 (VIOLATED)
_41643_/S                               1.50    1.50   -0.00 (VIOLATED)
_41644_/S                               1.50    1.50   -0.00 (VIOLATED)
_41645_/S                               1.50    1.50   -0.00 (VIOLATED)
_41646_/S                               1.50    1.50   -0.00 (VIOLATED)
_41647_/S                               1.50    1.50   -0.00 (VIOLATED)
_41648_/S                               1.50    1.50   -0.00 (VIOLATED)
_41649_/S                               1.50    1.50   -0.00 (VIOLATED)
_41650_/S                               1.50    1.50   -0.00 (VIOLATED)
_41651_/S                               1.50    1.50   -0.00 (VIOLATED)
_41652_/S                               1.50    1.50   -0.00 (VIOLATED)
_41653_/S                               1.50    1.50   -0.00 (VIOLATED)
_41654_/S                               1.50    1.50   -0.00 (VIOLATED)
_41655_/S                               1.50    1.50   -0.00 (VIOLATED)
_41656_/S                               1.50    1.50   -0.00 (VIOLATED)
_41657_/S                               1.50    1.50   -0.00 (VIOLATED)
_41658_/S                               1.50    1.50   -0.00 (VIOLATED)
_41659_/S                               1.50    1.50   -0.00 (VIOLATED)
_41660_/S                               1.50    1.50   -0.00 (VIOLATED)
_41661_/S                               1.50    1.50   -0.00 (VIOLATED)
_41662_/S                               1.50    1.50   -0.00 (VIOLATED)

max capacitance

Pin                                    Limit     Cap   Slack
------------------------------------------------------------
_41667_/X                               0.23    0.63   -0.40 (VIOLATED)
_41666_/X                               0.23    0.42   -0.19 (VIOLATED)

