Startpoint: _42565_ (rising edge-triggered flip-flop clocked by clk)
Endpoint: _42565_ (rising edge-triggered flip-flop clocked by clk)
Path Group: clk
Path Type: min

Fanout     Cap    Slew   Delay    Time   Description
-----------------------------------------------------------------------------
                  0.00    0.00    0.00   clock clk (rise edge)
                          0.00    0.00   clock network delay (ideal)
                  0.00    0.00    0.00 ^ _42565_/CLK (sky130_fd_sc_hd__dfxtp_2)
                  0.03    0.18    0.18 ^ _42565_/Q (sky130_fd_sc_hd__dfxtp_2)
     2    0.00                           cpuregs[0][0] (net)
                  0.03    0.00    0.18 ^ _23999_/A (sky130_fd_sc_hd__buf_1)
                  0.02    0.04    0.23 ^ _23999_/X (sky130_fd_sc_hd__buf_1)
     1    0.00                           _02835_ (net)
                  0.02    0.00    0.23 ^ _42565_/D (sky130_fd_sc_hd__dfxtp_2)
                                  0.23   data arrival time

                  0.00    0.00    0.00   clock clk (rise edge)
                          0.00    0.00   clock network delay (ideal)
                          0.00    0.00   clock reconvergence pessimism
                                  0.00 ^ _42565_/CLK (sky130_fd_sc_hd__dfxtp_2)
                         -0.02   -0.02   library hold time
                                 -0.02   data required time
-----------------------------------------------------------------------------
                                 -0.02   data required time
                                 -0.23   data arrival time
-----------------------------------------------------------------------------
                                  0.24   slack (MET)


Startpoint: _43364_ (rising edge-triggered flip-flop clocked by clk)
Endpoint: _42377_ (rising edge-triggered flip-flop clocked by clk)
Path Group: clk
Path Type: max

Fanout     Cap    Slew   Delay    Time   Description
-----------------------------------------------------------------------------
                  0.00    0.00    0.00   clock clk (rise edge)
                          0.00    0.00   clock network delay (ideal)
                  0.00    0.00    0.00 ^ _43364_/CLK (sky130_fd_sc_hd__dfxtp_2)
                  0.90    1.24    1.24 v _43364_/Q (sky130_fd_sc_hd__dfxtp_2)
    66    0.22                           mem_la_wdata[2] (net)
                  0.90    0.00    1.24 v _24268_/A (sky130_vsdinv)
                  0.30    0.44    1.69 ^ _24268_/Y (sky130_vsdinv)
     5    0.01                           _20116_ (net)
                  0.30    0.00    1.69 ^ _24281_/B (sky130_fd_sc_hd__and2_2)
                  0.10    0.38    2.06 ^ _24281_/X (sky130_fd_sc_hd__and2_2)
     2    0.01                           _20121_ (net)
                  0.10    0.00    2.06 ^ _24282_/A (sky130_fd_sc_hd__nand2_2)
                  0.15    0.16    2.22 v _24282_/Y (sky130_fd_sc_hd__nand2_2)
     4    0.01                           _20122_ (net)
                  0.15    0.00    2.22 v _27122_/B (sky130_fd_sc_hd__or2_2)
                  0.15    0.71    2.93 v _27122_/X (sky130_fd_sc_hd__or2_2)
     3    0.01                           _04860_ (net)
                  0.15    0.00    2.93 v _27134_/B (sky130_fd_sc_hd__or2_2)
                  0.15    0.71    3.64 v _27134_/X (sky130_fd_sc_hd__or2_2)
     3    0.01                           _04870_ (net)
                  0.15    0.00    3.64 v _27144_/B (sky130_fd_sc_hd__or2_2)
                  0.15    0.71    4.35 v _27144_/X (sky130_fd_sc_hd__or2_2)
     3    0.01                           _04878_ (net)
                  0.15    0.00    4.35 v _27153_/B (sky130_fd_sc_hd__nor2_2)
                  0.18    0.21    4.56 ^ _27153_/Y (sky130_fd_sc_hd__nor2_2)
     3    0.01                           _04885_ (net)
                  0.18    0.00    4.56 ^ _27162_/A (sky130_fd_sc_hd__nand2_2)
                  0.11    0.16    4.73 v _27162_/Y (sky130_fd_sc_hd__nand2_2)
     3    0.01                           _04892_ (net)
                  0.11    0.00    4.73 v _27175_/B (sky130_fd_sc_hd__or2_2)
                  0.15    0.70    5.42 v _27175_/X (sky130_fd_sc_hd__or2_2)
     3    0.01                           _04903_ (net)
                  0.15    0.00    5.42 v _27183_/B (sky130_fd_sc_hd__or2_2)
                  0.15    0.71    6.14 v _27183_/X (sky130_fd_sc_hd__or2_2)
     3    0.01                           _04909_ (net)
                  0.15    0.00    6.14 v _27195_/B (sky130_fd_sc_hd__or2_2)
                  0.15    0.71    6.85 v _27195_/X (sky130_fd_sc_hd__or2_2)
     3    0.01                           _04919_ (net)
                  0.15    0.00    6.85 v _27204_/B (sky130_fd_sc_hd__nor2_2)
                  0.18    0.21    7.06 ^ _27204_/Y (sky130_fd_sc_hd__nor2_2)
     3    0.01                           _04926_ (net)
                  0.18    0.00    7.06 ^ _27215_/A (sky130_fd_sc_hd__nand2_2)
                  0.11    0.16    7.22 v _27215_/Y (sky130_fd_sc_hd__nand2_2)
     3    0.01                           _04935_ (net)
                  0.11    0.00    7.22 v _27223_/B (sky130_fd_sc_hd__or2_2)
                  0.15    0.70    7.92 v _27223_/X (sky130_fd_sc_hd__or2_2)
     3    0.01                           _04941_ (net)
                  0.15    0.00    7.92 v _27233_/B (sky130_fd_sc_hd__or2_2)
                  0.15    0.71    8.63 v _27233_/X (sky130_fd_sc_hd__or2_2)
     3    0.01                           _04949_ (net)
                  0.15    0.00    8.63 v _27242_/B (sky130_fd_sc_hd__nor2_2)
                  0.18    0.21    8.84 ^ _27242_/Y (sky130_fd_sc_hd__nor2_2)
     3    0.01                           _04956_ (net)
                  0.18    0.00    8.84 ^ _27252_/A (sky130_fd_sc_hd__nand2_2)
                  0.11    0.16    9.00 v _27252_/Y (sky130_fd_sc_hd__nand2_2)
     3    0.01                           _04964_ (net)
                  0.11    0.00    9.00 v _27259_/B (sky130_fd_sc_hd__nor2_2)
                  0.18    0.19    9.20 ^ _27259_/Y (sky130_fd_sc_hd__nor2_2)
     3    0.01                           _04969_ (net)
                  0.18    0.00    9.20 ^ _27273_/A (sky130_fd_sc_hd__nand2_2)
                  0.13    0.18    9.38 v _27273_/Y (sky130_fd_sc_hd__nand2_2)
     3    0.01                           _04981_ (net)
                  0.13    0.00    9.38 v _27282_/B (sky130_fd_sc_hd__nor2_2)
                  0.17    0.20    9.58 ^ _27282_/Y (sky130_fd_sc_hd__nor2_2)
     2    0.01                           _04988_ (net)
                  0.17    0.00    9.58 ^ _27293_/A (sky130_fd_sc_hd__nand2_2)
                  0.11    0.16    9.74 v _27293_/Y (sky130_fd_sc_hd__nand2_2)
     3    0.01                           _04997_ (net)
                  0.11    0.00    9.74 v _27302_/B (sky130_fd_sc_hd__or2_2)
                  0.15    0.70   10.43 v _27302_/X (sky130_fd_sc_hd__or2_2)
     3    0.01                           _05004_ (net)
                  0.15    0.00   10.43 v _27311_/B (sky130_fd_sc_hd__nor2_2)
                  0.18    0.21   10.64 ^ _27311_/Y (sky130_fd_sc_hd__nor2_2)
     3    0.01                           _05011_ (net)
                  0.18    0.00   10.64 ^ _27322_/A (sky130_fd_sc_hd__nand2_2)
                  0.13    0.18   10.83 v _27322_/Y (sky130_fd_sc_hd__nand2_2)
     3    0.01                           _05020_ (net)
                  0.13    0.00   10.83 v _27332_/B (sky130_fd_sc_hd__nor2_2)
                  0.19    0.21   11.04 ^ _27332_/Y (sky130_fd_sc_hd__nor2_2)
     3    0.01                           _05028_ (net)
                  0.19    0.00   11.04 ^ _27343_/A (sky130_fd_sc_hd__nand2_2)
                  0.12    0.17   11.21 v _27343_/Y (sky130_fd_sc_hd__nand2_2)
     3    0.01                           _05037_ (net)
                  0.12    0.00   11.21 v _27358_/A (sky130_fd_sc_hd__and2_2)
                  0.06    0.35   11.56 v _27358_/X (sky130_fd_sc_hd__and2_2)
     1    0.00                           _05050_ (net)
                  0.06    0.00   11.56 v _27359_/B (sky130_fd_sc_hd__or2_2)
                  0.10    0.59   12.16 v _27359_/X (sky130_fd_sc_hd__or2_2)
     1    0.00                           _02397_ (net)
                  0.10    0.00   12.16 v _41337_/A0 (sky130_fd_sc_hd__mux2_1)
                  0.15    0.69   12.85 v _41337_/X (sky130_fd_sc_hd__mux2_1)
     2    0.01                           _02398_ (net)
                  0.15    0.00   12.85 v _27361_/A (sky130_vsdinv)
                  0.09    0.13   12.98 ^ _27361_/Y (sky130_vsdinv)
     1    0.00                           _05052_ (net)
                  0.09    0.00   12.98 ^ _27362_/B (sky130_fd_sc_hd__nor2_2)
                  0.06    0.08   13.06 v _27362_/Y (sky130_fd_sc_hd__nor2_2)
     2    0.01                           _05053_ (net)
                  0.06    0.00   13.06 v _27363_/B (sky130_fd_sc_hd__nor2_2)
                  0.29    0.25   13.31 ^ _27363_/Y (sky130_fd_sc_hd__nor2_2)
     2    0.01                           _05054_ (net)
                  0.29    0.00   13.31 ^ _27376_/B (sky130_fd_sc_hd__nand2_2)
                  0.06    0.14   13.45 v _27376_/Y (sky130_fd_sc_hd__nand2_2)
     1    0.00                           _05065_ (net)
                  0.06    0.00   13.45 v _27377_/B1_N (sky130_fd_sc_hd__o21bai_2)
                  0.14    0.42   13.87 v _27377_/Y (sky130_fd_sc_hd__o21bai_2)
     2    0.01                           _05066_ (net)
                  0.14    0.00   13.87 v _27390_/B1 (sky130_fd_sc_hd__a22oi_2)
                  0.32    0.31   14.18 ^ _27390_/Y (sky130_fd_sc_hd__a22oi_2)
     3    0.01                           _05077_ (net)
                  0.32    0.00   14.18 ^ _27402_/B2 (sky130_fd_sc_hd__o22ai_2)
                  0.19    0.26   14.44 v _27402_/Y (sky130_fd_sc_hd__o22ai_2)
     3    0.01                           _05087_ (net)
                  0.19    0.00   14.44 v _27413_/A2_N (sky130_fd_sc_hd__o2bb2ai_2)
                  0.10    0.27   14.72 v _27413_/Y (sky130_fd_sc_hd__o2bb2ai_2)
     1    0.00                           _05096_ (net)
                  0.10    0.00   14.72 v _27414_/C1 (sky130_fd_sc_hd__o211ai_2)
                  0.21    0.11   14.83 ^ _27414_/Y (sky130_fd_sc_hd__o211ai_2)
     1    0.00                           _05097_ (net)
                  0.21    0.00   14.83 ^ _27415_/B (sky130_fd_sc_hd__nand2_2)
                  0.06    0.13   14.96 v _27415_/Y (sky130_fd_sc_hd__nand2_2)
     1    0.00                           _02615_ (net)
                  0.06    0.00   14.96 v _42377_/D (sky130_fd_sc_hd__dfxtp_2)
                                 14.96   data arrival time

                  0.00   24.73   24.73   clock clk (rise edge)
                          0.00   24.73   clock network delay (ideal)
                          0.00   24.73   clock reconvergence pessimism
                                 24.73 ^ _42377_/CLK (sky130_fd_sc_hd__dfxtp_2)
                         -0.29   24.44   library setup time
                                 24.44   data required time
-----------------------------------------------------------------------------
                                 24.44   data required time
                                -14.96   data arrival time
-----------------------------------------------------------------------------
                                  9.48   slack (MET)


